// Jest Snapshot v1, https://goo.gl/fbAQLP

exports[`should render correctly 1`] = `
<styled.div>
  <p>
    PielÄ™gnacja
  </p>
</styled.div>
`;
