// Jest Snapshot v1, https://goo.gl/fbAQLP

exports[`should render correctly 1`] = `
<Product
  fetchProducts={
    [MockFunction] {
      "calls": Array [
        Array [
          "1",
        ],
      ],
      "results": Array [
        Object {
          "type": "return",
          "value": undefined,
        },
      ],
    }
  }
  loading={false}
  match={
    Object {
      "params": Object {
        "id": "1",
      },
    }
  }
  product={
    Object {
      "brand": "mokosh",
      "category": Object {
        "heading": "Profesjonalne SPA w domowym zaciszu",
        "id": "1",
        "name": "Pielęgnacja",
        "type": "care",
        "url": "/categories/care",
      },
      "categoryId": "1",
      "description": "Opis produktu",
      "id": "7",
      "img": "https://www.topestetic.pl/img/",
      "name": "Bambusowa Szczotka do Masażu na Sucho",
      "price": "19 zł",
      "volume": "1 szt.",
    }
  }
>
  <styled.div>
    <div
      className="sc-bdvvaa hugagk"
    >
      <Breadcrumb
        values={
          Array [
            Object {
              "label": "Pielęgnacja",
              "link": "/categories/care",
            },
            Object {
              "label": "Bambusowa Szczotka do Masażu na Sucho",
            },
          ]
        }
      />
      <Product
        brand="mokosh"
        category={
          Object {
            "heading": "Profesjonalne SPA w domowym zaciszu",
            "id": "1",
            "name": "Pielęgnacja",
            "type": "care",
            "url": "/categories/care",
          }
        }
        categoryId="1"
        description="Opis produktu"
        id="7"
        img="https://www.topestetic.pl/img/"
        name="Bambusowa Szczotka do Masażu na Sucho"
        price="19 zł"
        volume="1 szt."
      />
    </div>
  </styled.div>
</Product>
`;
