// Jest Snapshot v1, https://goo.gl/fbAQLP

exports[`should render correctly 1`] = `
<h4>
  Oczyszczanie to podstawowy krok w dojściu do pięknej skóry
</h4>
`;
