// Jest Snapshot v1, https://goo.gl/fbAQLP

exports[`should render correctly 1`] = `
<div>
  <styled.div />
  <styled.img
    alt="kosmetyk"
  />
</div>
`;
