// Jest Snapshot v1, https://goo.gl/fbAQLP

exports[`should render correctly 1`] = `
<styled.img
  src="https://veganvita24.pl/kalkulator/img/Loading.gif"
/>
`;
