// Jest Snapshot v1, https://goo.gl/fbAQLP

exports[`should render correctly 1`] = `
<styled.nav>
  <Styled(Link)
    to="/home-spa"
  >
    Domowe SPA
  </Styled(Link)>
  <Styled(Link)
    to="/cleaning"
  >
    Oczyszczanie
  </Styled(Link)>
  <Styled(Link)
    to="/care"
  >
    PielÄ™gnacja
  </Styled(Link)>
  <styled.input
    placeholder="szukaj"
    type="text"
  />
</styled.nav>
`;
