// Jest Snapshot v1, https://goo.gl/fbAQLP

exports[`should render correctly 1`] = `
<Styled(Link)
  to="products/1"
>
  <styled.div>
    <styled.img
      alt="cosmetic"
      src="img.jpg"
    />
    <styled.div>
      Test product!
    </styled.div>
    <styled.div>
      15z≈Ç
    </styled.div>
  </styled.div>
</Styled(Link)>
`;
