// Jest Snapshot v1, https://goo.gl/fbAQLP

exports[`should render correctly 1`] = `
<main
  className="sc-bdvvaa krsIXp"
/>
`;
