// Jest Snapshot v1, https://goo.gl/fbAQLP

exports[`should render correctly 1`] = `
<HomeSpa
  fetchProducts={
    [MockFunction] {
      "calls": Array [
        Array [],
      ],
      "results": Array [
        Object {
          "type": "return",
          "value": undefined,
        },
      ],
    }
  }
  products={
    Array [
      Object {
        "id": "1",
        "img": "img.jpg",
        "name": "Test",
        "price": "10zł",
      },
    ]
  }
>
  <styled.div>
    <div
      className="sc-bdfBwQ lbYnYk"
    >
      <styled.h5>
        <h5
          className="sc-gsTCUz AWQJG"
        >
          Profesjonalne SPA w domowym zaciszu, relaks dla ciała i duszy
        </h5>
      </styled.h5>
      <ProductsList
        products={
          Array [
            Object {
              "id": "1",
              "img": "img.jpg",
              "name": "Test",
              "price": "10zł",
            },
          ]
        }
      />
    </div>
  </styled.div>
</HomeSpa>
`;
