// Jest Snapshot v1, https://goo.gl/fbAQLP

exports[`should render correctly 1`] = `
<Sale
  fetchProducts={
    [MockFunction] {
      "calls": Array [
        Array [],
      ],
      "results": Array [
        Object {
          "type": "return",
          "value": undefined,
        },
      ],
    }
  }
  products={
    Array [
      Object {
        "hasDiscount": true,
        "id": "1",
        "img": "img.jpg",
        "name": "Test",
        "oldPrice": "49zł",
        "price": "10zł",
      },
    ]
  }
>
  <styled.div>
    <div
      className="sc-bdvvaa hugagk"
    >
      <styled.h5>
        <h5
          className="sc-gsDJrp ilHCrl"
        >
          Promocje, które zachwycą każdego
        </h5>
      </styled.h5>
      <ProductsList
        products={
          Array [
            Object {
              "hasDiscount": true,
              "id": "1",
              "img": "img.jpg",
              "name": "Test",
              "oldPrice": "49zł",
              "price": "10zł",
            },
          ]
        }
      />
    </div>
  </styled.div>
</Sale>
`;
