// Jest Snapshot v1, https://goo.gl/fbAQLP

exports[`renders correctly 1`] = `
<Fragment>
  <styled.header>
    ...
  </styled.header>
  <styled.main>
    content
  </styled.main>
  <styled.footer>
    ...
  </styled.footer>
</Fragment>
`;
