// Jest Snapshot v1, https://goo.gl/fbAQLP

exports[`should render correctly 1`] = `
<h5
  className="sc-bdvvaa cRcTHD"
/>
`;
