// Jest Snapshot v1, https://goo.gl/fbAQLP

exports[`should render correctly 1`] = `
<styled.div>
  <ProductListItem
    id="1"
    img="img.jpg"
    key="1"
    name="Test"
    price="50zÅ‚"
  />
</styled.div>
`;
